=============================================
       PLAN SYSTEM TRUTH TELLER
=============================================

1. RAW ENV 'CLIENT_PLAN': basic
2. RAW ENV 'USE_PLAN_SYSTEM': 1

3. RESOLVED PLAN NAME: basic

=============================================
       FEATURE RESOLUTION TABLE
=============================================
FEATURE KEY          | ENV OVERRIDE | PLAN DEFAULT | FINAL SECONDS
--------------------------------------------------------------
contact              | true         | false        | 🟢 TRUE 
newsletter           |  (empty)     | false        | 🔴 FALSE
download             |  (empty)     | false        | 🔴 FALSE
manage_admins        |  (empty)     | false        | 🔴 FALSE
advanced_seo         |  (empty)     | false        | 🔴 FALSE
media_pages          |  (empty)     | false        | 🔴 FALSE
thoughts             |  (empty)     | false        | 🔴 FALSE
books                |  (empty)     | false        | 🔴 FALSE
khutab               |  (empty)     | false        | 🔴 FALSE
landing              | true         | false        | 🟢 TRUE 
about                |  (empty)     | true         | 🔴 FALSE
vod_video            |  (empty)     | false        | 🔴 FALSE
vod_audio            |  (empty)     | false        | 🔴 FALSE
vod_playlists        |  (empty)     | false        | 🔴 FALSE
general_settings     |  (empty)     | false        | 🔴 FALSE

=============================================
       DIAGNOSTIC RESULTS
=============================================
🚨 SYSTEM FLAW DETECTED:
   - Bug detected on 'about': Env is empty, expected fallback (1) but got false.
   - Bug detected on 'vod_video': Env is empty, expected fallback () but got false.
   - Bug detected on 'vod_audio': Env is empty, expected fallback () but got false.
   - Bug detected on 'vod_playlists': Env is empty, expected fallback () but got false.

⚠️ The empty string bug patch has NOT been applied successfully to config/features.php.
=============================================
